// Bun Snapshot v1, https://goo.gl/fbAQLP

exports[`hello query 1`] = `
{
  "data": {
    "hello": "Hello from Yoga!",
  },
}
`;
